[    0.000000] Initializing cgroup subsys cpuset
[    0.000000] Initializing cgroup subsys cpu
[    0.000000] Initializing cgroup subsys cpuacct
[    0.000000] Linux version 4.4.0-127-generic (buildd@lcy01-amd64-023) (gcc version 5.4.0 20160609 (Ubuntu 5.4.0-6ubuntu1~16.04.9) ) #153-Ubuntu SMP Sat May 19 10:58:46 UTC 2018 (Ubuntu 4.4.0-127.153-generic 4.4.128)
[    0.000000] Command line: BOOT_IMAGE=/boot/vmlinuz-4.4.0-127-generic root=LABEL=cloudimg-rootfs ro console=tty1 console=ttyS0
[    0.000000] KERNEL supported cpus:
[    0.000000]   Intel GenuineIntel
[    0.000000]   AMD AuthenticAMD
[    0.000000]   Centaur CentaurHauls
[    0.000000] x86/fpu: Legacy x87 FPU detected.
[    0.000000] x86/fpu: Using 'lazy' FPU context switches.
[    0.000000] e820: BIOS-provided physical RAM map:
[    0.000000] BIOS-e820: [mem 0x0000000000000000-0x000000000009fbff] usable
[    0.000000] BIOS-e820: [mem 0x000000000009fc00-0x000000000009ffff] reserved
[    0.000000] BIOS-e820: [mem 0x00000000000f0000-0x00000000000fffff] reserved
[    0.000000] BIOS-e820: [mem 0x0000000000100000-0x000000003ffeffff] usable
[    0.000000] BIOS-e820: [mem 0x000000003fff0000-0x000000003fffffff] ACPI data
[    0.000000] BIOS-e820: [mem 0x00000000fec00000-0x00000000fec00fff] reserved
[    0.000000] BIOS-e820: [mem 0x00000000fee00000-0x00000000fee00fff] reserved
[    0.000000] BIOS-e820: [mem 0x00000000fffc0000-0x00000000ffffffff] reserved
[    0.000000] NX (Execute Disable) protection: active
[    0.000000] SMBIOS 2.5 present.
[    0.000000] Hypervisor detected: KVM
[    0.000000] e820: last_pfn = 0x3fff0 max_arch_pfn = 0x400000000
[    0.000000] MTRR: Disabled
[    0.000000] x86/PAT: MTRRs disabled, skipping PAT initialization too.
[    0.000000] CPU MTRRs all blank - virtualized system.
[    0.000000] x86/PAT: Configuration [0-7]: WB  WT  UC- UC  WB  WT  UC- UC  
[    0.000000] found SMP MP-table at [mem 0x0009fff0-0x0009ffff] mapped at [ffff88000009fff0]
[    0.000000] Scanning 1 areas for low memory corruption
[    0.000000] RAMDISK: [mem 0x36a96000-0x37542fff]
[    0.000000] ACPI: Early table checksum verification disabled
[    0.000000] ACPI: RSDP 0x00000000000E0000 000024 (v02 VBOX  )
[    0.000000] ACPI: XSDT 0x000000003FFF0030 00003C (v01 VBOX   VBOXXSDT 00000001 ASL  00000061)
[    0.000000] ACPI: FACP 0x000000003FFF00F0 0000F4 (v04 VBOX   VBOXFACP 00000001 ASL  00000061)
[    0.000000] ACPI: DSDT x000000003FFF0470 0021FF (v02 VBOX   VBOXBIOS 00000002 INTL 20100528)
[    0.000000] ACPI: FACS 0x000000003FFF0200 000040
[    0.000000] ACPI: FACS 0x000000003FFF0200 000040
[    0.000000] ACPI: APIC 0x000000003FFF0240 00005C (v02 VBOX   VBOXAPIC 00000001 ASL  00000061)
[    0.000000] ACPI: SSDT 0x000000003FFF02A0 0001CC (v01 VBOX   VBOXCPUT 00000002 INTL 20100528)
[    0.000000] No NUMA configuration found
[    0.000000] Faking a node at [mem 0x0000000000000000-0x000000003ffeffff]
[    0.000000] NODE_DATA(0) allocated [mem 0x3ffeb000-0x3ffeffff]
[    0.000000] kvm-clock: Using msrs 4b564d01 and 4b564d00
[    0.000000] kvm-clock: cpu 0, msr 0:3ffe3001, primary cpu clock
[    0.000000] kvm-clock: using sched offset of 13108959479 cycles
[    0.000000] cloksource: kvm-clock: mask: 0xffffffffffffffff max_cycles: 0x1cd42e4dffb, max_idle_ns: 881590591483 ns
[    0.000000] Zone ranges:
[    0.000000]   DMA      [mem 0x0000000000001000-0x0000000000ffffff]
[    0.000000]   DMA32    [mem 0x0000000001000000-0x000000003ffeffff]
[    0.000000]   Normal   empty
[    0.000000]   Device   empty
[    0.000000] Movable zone start for each node
[    0.000000] Early memory node ranges
[    0.000000]   node   0: [mem 0x0000000000001000-0x000000000009efff]
[    0.000000]   node   0: [mem 0x0000000000100000-0x000000003ffeffff]
[    0.000000] Initmem setup node 0 [mem 0x0000000000001000-0x000000003ffeffff]
[    0.000000] ACPI: PM-Timer IO Port: 0x4008
[    0.000000] IOAPIC[0]: apic_id 2, version 32, address 0xfec00000, GSI 0-23
[    0.000000] ACPI: INT_SRC_OVR (bus 0 bus_irq 0 global_irq 2 dfl dfl)
[    0.000000] ACPI: INT_SRC_OVR (bus 0 bus_irq 9 global_irq 9 low level)
[    0.000000] Using ACPI (MADT) for SMP configuration information
[    0.000000] smpboot: Allowing 2 CPUs, 0 hotplug CPUs
[    0.000000] PM: Registered nosave memory: [mem 0x00000000-0x00000fff]
[    0.000000] PM: Registered nosave memory: [mem 0x0009f000-0x0009ffff]
[    0.000000] PM: Registered nosave memory: [mem 0x000a0000-0x000effff]
[    0.000000] PM: Registered nosave memory: [mem 0x000f0000-0x000fffff]
[    0.000000] e820: [mem 0x40000000-0xfebfffff] available for PCI devices
[    0.000000] Booting paravirtualized kernel on KVM
[    0.000000] clocksource: refined-jiffies: mask: 0xffffffff max_cycles: 0xffffffff, max_idle_ns: 7645519600211568 ns
[    0.000000] setup_percpu: NR_CPUS:512 nr_cpumask_bits:512 nr_cpu_ids:2 nr_node_ids:1
[    0.000000] PERCPU: Embedded 34 pages/cpu @ffff88003fc00000 s99544 r8192 d31528 u1048576
[    0.000000] PV qspinlock hash table entries: 256 (order: 0, 4096 bytes)
[    0.000000] Built 1 zonelists in Node order, mobility grouping on.  Total pages: 257912
[    0.000000] Policy zone: DMA32
[    0.000000] Kernel command line: BOOT_IMAGE=/boot/vmlinuz-4.4.0-127-generic root=LABEL=cloudimg-rootfs ro console=tty1 console=ttyS0
[    0.000000] PID hash table entries: 4096 (order: 3, 32768 bytes)
[    0.000000] Memory: 1001588K/1048120K available (8537K kernel code, 1313K rwdata, 4000K rodata, 1512K init, 1316K bss, 46532K reserved, 0K cma-reserved)
[    0.000000] SLUB: HWalign=64, Order=0-3, MinObjects=0, CPUs=2, Nodes=1
[    0.000000] Kernel/User page tables isolation: enabled
[    0.000000] Hierarchical RCU implementation.
[    0.000000] 	Build-time adjustment of leaf fanout to 64.
[    0.000000] 	RCU restricting CPUs from NR_CPUS=512 to nr_cpu_ids=2.
[    0.000000] RCU: Adjusting geometry for rcu_fanout_leaf=64, nr_cpu_ids=2
[    0.000000] NR_IRQS:33024 nr_irqs:440 16
[    0.000000] Console: colour VGA+ 80x25
[    0.000000] console [tty1] enabled
[    0.000000] console [ttyS0] enabled
[    0.000000] tsc: Detected 3158.726 MHz processor
[    0.323564] Calibrating delay loop (skipped) preset value.. 6317.45 BogoMIPS (lpj=12634904)
[    0.326386] pid_max: default: 32768 minimum: 301
[    0.327870] ACPI: Core revision 20150930
[    0.330574] ACPI: 2 ACPI AML tables successfully acquired and loaded
[    0.332662] Security Framework initialized
[    0.334054] Yama: becoming mindful.
[    0.335388] AppArmor: AppArmor initialized
[    0.336942] Dentry cache hash table entries: 131072 (order: 8, 1048576 bytes)
[    0.339474] Inode-cache hash table entries: 65536 (order: 7, 524288 bytes)
[    0.341746] Mount-cache hash table entries: 2048 (order: 2, 16384 bytes)
[    0.343793] Mountpoint-cache hash table entries: 2048 (order: 2, 16384 bytes)
[    0.347475] Initializing cgroup subsys io
[    0.348859] Initializing cgroup subsys memory
[    0.350321] Initializing cgroup subsys devices
[    0.351795] Initializing cgroup subsys freezer
[    0.353257] Initializing cgroup subsys net_cls
[    0.354749] Initializing cgroup subsys perf_event
[    0.356267] Initializing cgroup subsys net_prio
[    0.357755] Initializing cgroup subsys hugetlb
[    0.359212] Initializing cgroup subsys pids
[    0.360716] CPU: Physical Processor ID: 0
[    0.362099] CPU: Processor Core ID: 0
[    0.363407] mce: CPU supports 0 MCE banks
[    0.364824] Last level iTLB entries: 4KB 128, 2MB 4, 4MB 4
[    0.366534] Last level dTLB entries: 4KB 256, 2MB 0, 4MB 32, 1GB 0
[    0.368353] Spectre V2 : Mitigation: Full generic retpoline
[    0.370063] Spectre V2 : Speculation control IBPB not-supported IBRS not-supported
[    0.372138] Speculative Store Bypass: Vulnerable
[    0.377391] Freeing SMP alternatives memory: 32K
[    0.399740] ftrace: allocating 32237 entries in 126 pages
[    0.472470] smpboot: APIC(0) Converting physical 0 to logical package 0
[    0.474421] smpboot: Max logical packages: 1
[    0.476459] x2apic enabled
[    0.478099] Switched APIC routing to physical x2apic.
[    0.482119] ..TIMER: vector=0x30 apic1=0 pin1=2 apic2=-1 pin2=-1
[    0.590024] APIC calibration not consistent with PM-Timer: 96ms instead of 100ms
[    0.592566] APIC delta adjusted to PM-Timer: 6359194 (6164184)
[    0.594432] smpboot: CPU0: Intel(R) Core(TM)2 Duo CPU     E8500  @ 3.16GHz (family: 0x6, model: 0x17, stepping: 0xa)
[    0.597928] Performance Events: unsupported p6 CPU model 23 no PMU driver, software events only.
[    0.601017] KVM setup paravirtual spinlock
[    0.603957] x86: Booting SMP configuration:
[    0.605391] .... node  #0, CPUs:      #1
[    0.606718] kvm-clock: cpu 1, msr 0:3ffe3041, secondary cpu clock
[    0.636477] mce: CPU supports 0 MCE banks
[    0.670421] x86: Booted up 1 node, 2 CPUs
[    0.672472] smpboot: Total of 2 processors activated (12634.90 BogoMIPS)
[    0.675045] devtmpfs: initialized
[    0.678807] evm: security.selinux
[    0.680032] evm: security.SMACK64
[    0.681256] evm: security.SMACK64EXEC
[    0.682555] evm: security.SMACK64TRANSMUTE
[    0.683956] evm: security.SMACK64MMAP
[    0.685243] evm: security.ima
[    0.686405] evm: security.capability
[    0.687895] clocksource: jiffies: mask: 0xffffffff max_cycles: 0xffffffff, max_idle_ns: 7645041785100000 ns
[    0.690951] futex hash table entries: 512 (order: 3, 32768 bytes)
[    0.693017] pinctrl core: initialized pinctrl subsystem
[    0.694832] RTC time: 20:21:13, date: 10/09/18
[    0.696738] NET: Registered protocol family 16
[    0.712147] cpuidle: using governor ladder
[    0.725214] cpuidle: using governor menu
[    0.726650] PCCT header not found.
[    0.728127] ACPI: bus type PCI registered
[    0.729489] acpiphp: ACPI Hot Plug PCI Controller Driver version: 0.5
[    0.731843] PCI: Using configuration type 1 for base access
[    0.748570] ACPI: Added _OSI(Module Device)
[    0.749997] ACPI: Added _OSI(Processor Device)
[    0.751442] ACPI: Added _OSI(3.0 _SCP Extensions)
[    0.752956] ACPI: Added _OSI(Processor Aggregator Device)
[    0.755574] ACPI: Executed 1 blocks of module-level executable AML code
[    0.760182] ACPI: Interpreter enabled
[    0.761502] ACPI: (supports S0 S5)
[    0.762749] ACPI: Using IOAPIC for interrupt routing
[    0.766457] PCI: Using host bridge windows from ACPI; if necessary, use "pci=nocrs" and report a bug
[    0.774083] ACPI: PCI Root Bridge [PCI0] (domain 0000 [bus 00-ff])
[    0.775909] acpi PNP0A03:00: _OSC: OS supports [ASPM ClockPM Segments MSI]
[    0.777907] acpi PNP0A03:00: _OSC: not requesting OS control; OS requires [ExtendedConfig ASPM ClockPM MSI]
[    0.781218] acpi PNP0A03:00: fail to add MMCONFIG information, can't access extended PCI configuration space under this bridge.
[    0.784904] PCI host bridge to bus 0000:00
[    0.786288] pci_bus 0000:00: root bus resource [io  0x0000-0x0cf7 window]
[    0.788216] pci_bus 0000:00: root bus resource [io  0x0d00-0xffff window]
[    0.790158] pci_bus 0000:00: root bus resource [mem 0x000a0000-0x000bffff window]
[    0.792694] pci_bus 0000:00: root bus resource [mem 0x40000000-0xfdffffff window]
[    0.795240] pci_bus 0000:00: root bus resource [bus 00-ff]
[    0.799203] pci 0000:00:01.1: legacy IDE quirk: reg 0x10: [io  0x01f0-0x01f7]
[    0.801226] pci 0000:00:01.1: legacy IDE quirk: reg 0x14: [io  0x03f6]
[    0.803134] pci 0000:00:01.1: legacy IDE quirk: reg 0x18: [io  0x0170-0x0177]
[    0.805153] pci 0000:00:01.1: legacy IDE quirk: reg 0x1c: [io  0x0376]
[    0.837217] pci 0000:00:07.0: quirk: [io  0x4000-0x403f] claimed by PIIX4 ACPI
[    0.861786] pci 0000:00:07.0: quirk: [io  0x4100-0x410f] claimed by PIIX4 SMB
[    0.874964] ACPI: PCI Interrupt Link [LNKA] (IRQs 5 9 10 *11)
[    0.877722] ACPI: PCI Interrupt Link [LNKB] (IRQs 5 9 *10 11)
[    0.880160] ACPI: PCI Interrupt Link [LNKC] (IRQs 5 *9 10 11)
[    0.882627] ACPI: PCI Interrupt Link [LNKD] (IRQs 5 9 10 *11)
[    0.885175] ACPI: Enabled 2 GPEs in block 00 to 07
[    0.887851] vgaarb: setting as boot device: PCI:0000:00:02.0
[    0.889588] vgaarb: device added: PCI:0000:00:02.0,decodes=io+mem,owns=io+mem,locks=none
[    0.892292] vgaarb: loaded
[    0.893431] vgaarb: bridge control possible 0000:00:02.0
[    0.895713] SCSI subsystem initialized
[    0.897522] ACPI: bus type USB registered
[    0.898956] usbcore: registered new interface driver usbfs
[    0.900686] usbcore: registered new interface driver hub
[    0.902377] usbcore: registered new device driver usb
[    0.904466] PCI: Using ACPI for IRQ routing
[    0.906620] NetLabel: Initializing
[    0.907902] NetLabel:  domain hash size = 128
[    0.909355] NetLabel:  protocols = UNLABELED CIPSOv4
[    0.912756] NetLabel:  unlabeled traffic allowed by default
[    0.914915] amd_nb: Cannot enumerate AMD northbridges
[    0.916590] clocksource: Switched to clocksource kvm-clock
[    0.933956] AppArmor: AppArmor Filesystem Enabled
[    0.935666] pnp: PnP ACPI init
[    0.937932] pnp: PnP ACPI: found 3 devices
[    0.951124] clocksource: acpi_pm: mask: 0xffffff max_cycles: 0xffffff, max_idle_ns: 2085701024 ns
[    0.954049] NET: Registered protocol family 2
[    0.956098] TCP established hash table entries: 8192 (order: 4, 65536 bytes)
[    0.958176] TCP bind hash table entries: 8192 (order: 5, 131072 bytes)
[    0.960117] TCP: Hash tables configured (established 8192 bind 8192)
[    0.962075] UDP hash table entries: 512 (order: 2, 16384 bytes)
[    0.963879] UDP-Lite hash table entries: 512 (order: 2, 16384 bytes)
[    0.965945] NET: Registered protocol family 1
[    0.967440] pci 0000:00:00.0: Limiting direct PCI/PCI transfers
[    0.969259] pci 0000:00:01.0: Activating ISA DMA hang workarounds
[    0.971399] Unpacking initramfs...
[    2.813766] Freeing initrd memory: 10932K
[    2.815992] platform rtc_cmos: registered platform RTC device (no PNP device found)
[    2.818708] Scanning for low memory corruption every 60 seconds
[    2.821008] audit: initializing netlink subsys (disabled)
[    2.822700] audit: type=2000 audit(1539116489.979:1): initialized
[    2.825014] Initialise system trusted keyring
[    2.826663] HugeTLB registered 2 MB page size, pre-allocated 0 pages
[    2.830497] zbud: loaded
[    2.831931] VFS: Disk quotas dquot_6.6.0
[    2.833371] VFS: Dquot-cache hash table entries: 512 (order 0, 4096 bytes)
[    2.835707] squashfs: version 4.0 (2009/01/31) Phillip Lougher
[    2.837857] fuse init (API version 7.23)
[    2.839393] Key type big_key registered
[    2.847519] Allocating IMA MOK and blacklist keyrings.
[    2.851011] Key type asymmetric registered
[    2.852415] Asymmetric key parser 'x509' registered
[    2.860838] Block layer SCSI generic (bsg) driver version 0.4 loaded (major 249)
[    2.863484] io scheduler noop registered
[    2.864845] io scheduler deadline registered (default)
[    2.866558] io scheduler cfq registered
[    2.868035] pci_hotplug: PCI Hot Plug PCI Core version: 0.5
[    2.869897] pciehp: PCI Express Hot Plug Controller Driver version: 0.4
[    2.872145] ACPI: AC Adapter [AC] (on-line)
[    2.873892] input: Power Button as /devices/LNXSYSTM:00/LNXPWRBN:00/input/input0
[    2.876462] ACPI: Power Button [PWRF]
[    2.877931] input: Sleep Button as /devices/LNXSYSTM:00/LNXSLPBN:00/input/input1
[    2.880433] ACPI: Sleep Button [SLPF]
[    2.882028] GHES: HEST is not enabled!
[    2.883467] Serial: 8250/16550 driver, 32 ports, IRQ sharing enabled
[    2.910359] 00:02: ttyS0 at I/O 0x3f8 (irq = 4, base_baud = 115200) is a 16550A
[    2.914635] Linux agpgart interface v0.103
[    2.925285] loop: module loaded
[    2.927568] scsi host0: ata_piix
[    2.930605] scsi host1: ata_piix
[    2.931868] ata1: PATA max UDMA/33 cmd 0x1f0 ctl 0x3f6 bmdma 0xd000 irq 14
[    2.935014] ata2: PATA max UDMA/33 cmd 0x170 ctl 0x376 bmdma 0xd008 irq 15
[    2.937170] libphy: Fixed MDIO Bus: probed
[    2.946204] tun: Universal TUN/TAP device driver, 1.6
[    2.949269] tun: (C) 1999-2004 Max Krasnyansky <maxk@qualcomm.com>
[    2.951167] PPP generic driver version 2.4.2
[    2.952694] ehci_hcd: USB 2.0 'Enhanced' Host Controller (EHCI) Driver
[    2.954594] ehci-pci: EHCI PCI platform driver
[    2.956082] ehci-platform: EHCI generic platform driver
[    2.957713] ohci_hcd: USB 1.1 'Open' Host Controller (OHCI) Driver
[    2.959577] ohci-pci: OHCI PCI platform driver
[    2.961092] ohci-platform: OHCI generic platform driver
[    2.962763] uhci_hcd: USB Universal Host Controller Interface driver
[    2.964841] i8042: PNP: PS/2 Controller [PNP0303:PS2K,PNP0f03:PS2M] at 0x60,0x64 irq 1,12
[    2.968296] serio: i8042 KBD port at 0x60,0x64 irq 1
[    2.969853] serio: i8042 AUX port at 0x60,0x64 irq 12
[    2.971594] mousedev: PS/2 mouse device common for all mice
[    2.974076] input: AT Translated Set 2 keyboard as /devices/platform/i8042/serio0/input/input2
[    2.977775] rtc_cmos rtc_cmos: rtc core: registered rtc_cmos as rtc0
[    2.980161] rtc_cmos rtc_cmos: alarms up to one day, 114 bytes nvram
[    2.982071] i2c /dev entries driver
[    2.983408] device-mapper: uevent: version 1.0.3
[    2.985090] device-mapper: ioctl: 4.34.0-ioctl (2015-10-28) initialised: dm-devel@redhat.com
[    2.987868] ledtrig-cpu: registered to indicate activity on CPUs
[    2.990247] NET: Registered protocol family 10
[    2.992181] NET: Registered protocol family 17
[    2.994485] Key type dns_resolver registered
[    2.996307] registered taskstats version 1
[    2.997828] Loading compiled-in X.509 certificates
[    3.000897] Loaded X.509 cert 'Build time autogenerated kernel key: 9f6f572a3ee0cb468eb8db4aa61815bc74ef6adb'
[    3.003991] zswap: loaded using pool lzo/zbud
[    3.019361] Key type trusted registered
[    3.046479] Key type encrypted registered
[    3.047895] AppArmor: AppArmor sha1 policy hashing enabled
[    3.049647] ima: No TPM chip found, activating TPM-bypass!
[    3.051396] evm: HMAC attrs: 0x1
[    3.053096]   Magic number: 6:645:396
[    3.054522] rtc_cmos rtc_cmos: setting system clock to 2018-10-09 20:21:16 UTC (1539116476)
[    3.057515] BIOS EDD facility v0.16 2004-Jun-25, 0 devices found
[    3.059309] EDD information not available.
[    3.107959] Freeing unused kernel memory: 1512K
[    3.109651] Write protecting the kernel read-only data: 14336k
[    3.126069] Freeing unused kernel memory: 1692K
[    3.128052] Freeing unused kernel memory: 96K
Loading, please wait...
starting version 229
[    3.281258] random: systemd-udevd: uninitialized urandom read (16 bytes read, 2 bits of entropy available)
[    3.286711] random: udevadm: uninitialized urandom read (16 bytes read, 2 bits of entropy available)
[    3.287179] random: systemd-udevd: uninitialized urandom read (16 bytes read, 2 bits of entropy available)
[    3.287235] random: systemd-udevd: uninitialized urandom read (16 bytes read, 2 bits of entropy available)
[    3.287294] random: systemd-udevd: uninitialized urandom read (16 bytes read, 2 bits of entropy available)
[    3.333959] random: udevadm: uninitialized urandom read (16 bytes read, 2 bits of entropy available)
[    3.387205] random: systemd-udevd: uninitialized urandom read (16 bytes read, 2 bits of entropy available)
[    3.414624] random: udevadm: uninitialized urandom read (16 bytes read, 2 bits of entropy available)
[    3.414936] random: udevadm: uninitialized urandom read (16 bytes read, 2 bits of entropy available)
[    3.419704] random: udevadm: uninitialized urandom read (16 bytes read, 2 bits of entropy available)
[    3.813598] tsc: Refined TSC clocksource calibration: 3169.679 MHz
[    3.822598] clocksource: tsc: mask: 0xffffffffffffffff max_cycles: 0x2db06713396, max_idle_ns: 440795308342 ns
[    3.842759] Fusion MPT base driver 3.04.20
[    3.855734] Copyright (c) 1999-2008 LSI Corporation
[    3.865342] e1000: Intel(R) PRO/1000 Network Driver - version 7.3.21-k8-NAPI
[    3.868577] e1000: Copyright (c) 1999-2006 Intel Corporation.
[    3.896100] Fusion MPT SPI Host driver 3.04.20
[    4.100900] input: ImExPS/2 Generic Explorer Mouse as /devices/platform/i8042/serio1/input/input4
[    4.408440] e1000 0000:00:03.0 eth0: (PCI:33MHz:32-bit) 02:f0:aa:2d:49:f4
[    4.412070] e1000 0000:00:03.0 eth0: Intel(R) PRO/1000 Network Connection
[    4.415269] mptbase: ioc0: Initiating bringup
[    4.418229] e1000 0000:00:03.0 enp0s3: renamed from eth0
[    4.489684] ioc0: LSI53C1030 A0: Capabilities={Initiator}
[    4.684269] scsi host2: ioc0: LSI53C1030 A0, FwRev=00000000h, Ports=1, MaxQ=256, IRQ=20
[    4.798274] scsi 2:0:0:0: Direct-Access     VBOX     HARDDISK         1.0  PQ: 0 ANSI: 5
[    4.801367] scsi target2:0:0: Beginning Domain Validation
[    4.804270] scsi target2:0:0: Domain Validation skipping write tests
[    4.808086] scsi target2:0:0: Ending Domain Validation
[    4.809767] scsi target2:0:0: asynchronous
[    4.811613] scsi 2:0:1:0: Direct-Access     VBOX     HARDDISK         1.0  PQ: 0 ANSI: 5
[    4.814337] scsi target2:0:1: Beginning Domain Validation
[    4.817497] scsi target2:0:1: Domain Validation skipping write tests
[    4.819358] scsi target2:0:1: Ending Domain Validation
[    4.821091] scsi target2:0:1: asynchronous
[    4.830049] sd 2:0:0:0: Attached scsi generic sg0 type 0
[    4.831873] sd 2:0:0:0: [sda] 20971520 512-byte logical blocks: (10.7 GB/10.0 GiB)
[    4.836631] sd 2:0:1:0: Attached scsi generic sg1 type 0
[    4.844920] sd 2:0:0:0: [sda] Write Protect is off
[    4.859055] sd 2:0:1:0: [sdb] 20480 512-byte logical blocks: (10.5 MB/10.0 MiB)
[    4.859333] sd 2:0:1:0: [sdb] Write Protect is off
[    4.859469] sd 2:0:1:0: [sdb] Incomplete mode parameter data
[    4.859470] sd 2:0:1:0: [sdb] Assuming drive cache: write through
[    4.901317] sd 2:0:1:0: [sdb] Attached SCSI disk
[    4.905938] sd 2:0:0:0: [sda] Incomplete mode parameter data
[    4.907651] sd 2:0:0:0: [sda] Assuming drive cache: write through
[    4.924843]  sda: sda1
[    4.927439] sd 2:0:0:0: [sda] Attached SCSI disk
Begin: Loading essential drivers ... [    7.336410] md: linear personality registered for level -1
[    7.369170] md: multipath personality registered for level -4
[    7.404596] md: raid0 personality registered for level 0
[    7.434384] md: raid1 personality registered for level 1
[    7.529435] raid6: sse2x1   gen()  5037 MB/s
[    7.596837] raid6: sse2x1   xor()  5094 MB/s
[    7.665154] raid6: sse2x2   gen()  6179 MB/s
[    7.733497] raid6: sse2x2   xor()  6245 MB/s
[    7.813571] raid6: sse2x4   gen()  8934 MB/s
[    7.880948] raid6: sse2x4   xor()  6610 MB/s
[    7.891012] raid6: using algorithm sse2x4 gen() 8934 MB/s
[    7.900177] raid6: .... xor() 6610 MB/s, rmw enabled
[    7.902975] raid6: using ssse3x2 recovery algorithm
[    7.910457] xor: measuring software checksum speed
[    7.961011]    prefetch64-sse: 11649.000 MB/sec
[    8.002022]    generic_sse: 13477.000 MB/sec
[    8.003463] xor: using function: generic_sse (13477.000 MB/sec)
[    8.015237] async_tx: api initialized (async)
[    8.045615] md: raid6 personality registered for level 6
[    8.048573] md: raid5 personality registered for level 5
[    8.051503] md: raid4 personality registered for level 4
[    8.113728] md: raid10 personality registered for level 10
done.
Begin: Running /scripts/init-premount ... done.
Begin: Mounting root file system ... Begin: Running /scripts/local-top ... done.
Begin: Running /scripts/local-premount ... [    8.268757] Btrfs loaded
Scanning for Btrfs filesystems
done.
Warning: fsck not present, so skipping root file system
[    8.643714] EXT4-fs (sda1): mounted filesystem with ordered data mode. Opts: (null)
done.
Begin: Running /scripts/local-bottom ... done.
Begin: Running /scripts/init-bottom ... done.
[    9.404045] random: nonblocking pool is initialized
[    9.941979] systemd[1]: systemd 229 running in system mode. (+PAM +AUDIT +SELINUX +IMA +APPARMOR +SMACK +SYSVINIT +UTMP +LIBCRYPTSETUP +GCRYPT +GNUTLS +ACL +XZ -LZ4 +SECCOMP +BLKID +ELFUTILS +KMOD -IDN)
[    9.961157] systemd[1]: Detected virtualization oracle.
[    9.963828] systemd[1]: Detected architecture x86-64.

Welcome to [1mUbuntu 16.04.4 LTS[0m!

[   10.070023] systemd[1]: Set hostname to <ubuntu>.
[   10.124984] systemd[1]: Initializing machine ID from random generator.
[   10.138125] systemd[1]: Installed transient /etc/machine-id file.
[   11.830875] systemd[1]: Reached target User and Group Name Lookups.
[[0;32m  OK  [0m] Reached target User and Group Name Lookups.
[   11.854333] systemd[1]: Reached target Swap.
[[0;32m  OK  [0m] Reached target Swap.
[   11.901655] systemd[1]: Started Forward Password Requests to Wall Directory Watch.
[[0;32m  OK  [0m] Started Forward Password Requests to Wall Directory Watch.
[   11.981308] systemd[1]: Listening on Journal Socket (/dev/log).
[[0;32m  OK  [0m] Listening on Journal Socket (/dev/log).
[   12.008020] systemd[1]: Listening on LVM2 metadata daemon socket.
[[0;32m  OK  [0m] Listening on LVM2 metadata daemon socket.
[   12.038664] systemd[1]: Created slice User and Session Slice.
[[0;32m  OK  [0m] Created slice User and Session Slice.
[   12.085857] systemd[1]: Listening on Journal Audit Socket.
[[0;32m  OK  [0m] Listening on Journal Audit Socket.
[   12.135862] systemd[1]: Created slice System Slice.
[[0;32m  OK  [0m] Created slice System Slice.
[   12.169184] systemd[1]: Reached target Slices.
[[0;32m  OK  [0m] Reached target Slices.
[   12.197077] systemd[1]: Reached target Encrypted Volumes.
[[0;32m  OK  [0m] Reached target Encrypted Volumes.
[   12.229725] systemd[1]: Listening on udev Control Socket.
[[0;32m  OK  [0m] Listening on udev Control Socket.
[   12.254068] systemd[1]: Listening on Device-mapper event daemon FIFOs.
[[0;32m  OK  [0m] Listening on Device-mapper event daemon FIFOs.
[   12.282332] systemd[1]: Set up automount Arbitrary Executable File Formats File System Automount Point.
[[0;32m  OK  [0m] Set up automount Arbitrary Executab...ats File System Automount Point.
[   12.341182] systemd[1]: Listening on LVM2 poll daemon socket.
[[0;32m  OK  [0m] Listening on LVM2 poll daemon socket.
[   12.366607] systemd[1]: Listening on /dev/initctl Compatibility Named Pipe.
[[0;32m  OK  [0m] Listening on /dev/initctl Compatibility Named Pipe.
[   12.398461] systemd[1]: Reached target System Time Synchronized.
[[0;32m  OK  [0m] Reached target System Time Synchronized.
[   12.446165] systemd[1]: Listening on udev Kernel Socket.
[[0;32m  OK  [0m] Listening on udev Kernel Socket.
[   12.496406] systemd[1]: Created slice system-serial\x2dgetty.slice.
[[0;32m  OK  [0m] Created slice system-serial\x2dgetty.slice.
[   12.553947] systemd[1]: Listening on Syslog Socket.
[[0;32m  OK  [0m] Listening on Syslog Socket.
[   12.597484] systemd[1]: Started Trigger resolvconf update for networkd DNS.
[[0;32m  OK  [0m] Started Trigger resolvconf update for networkd DNS.
[   12.665781] systemd[1]: Listening on Journal Socket.
[[0;32m  OK  [0m] Listening on Journal Socket.
[   12.698220] systemd[1]: Starting Monitoring of LVM2 mirrors, snapshots etc. using dmeventd or progress polling...
         Starting Monitoring of LVM2 mirrors... dmeventd or progress polling...
[   12.783010] systemd[1]: Starting Set console keymap...
         Starting Set console keymap...
[   12.829291] systemd[1]: Mounting Huge Pages File System...
         Mounting Huge Pages File System...
[   12.911350] systemd[1]: Starting Uncomplicated firewall...
         Starting Uncomplicated firewall...
[   13.041832] systemd[1]: Mounting Debug File System...
         Mounting Debug File System...
[   13.113387] systemd[1]: Starting Remount Root and Kernel File Systems...
         Starting Remount Root and Kernel File Systems...
[   13.157855] systemd[1]: Starting Create list of required static device nodes for the current kernel...
         Starting Create list of required st... nodes for the current kernel...
[   13.232664] EXT4-fs (sda1): re-mounted. Opts: (null)
[   13.238610] systemd[1]: Mounting POSIX Message Queue File System...
         Mounting POSIX Message Queue File System...
[   13.297968] systemd[1]: Starting Nameserver information manager...
         Starting Nameserver information manager...
[   13.362731] systemd[1]: Starting Load Kernel Modules...
         Starting Load Kernel Modules...
[   13.445781] systemd[1]: Starting Journal Service...
         Starting Journal[   13.504239] Loading iSCSI transport class v2.0-870.
 Service...
[   13.611300] systemd[1]: Mounted Huge Pages File System.
[[0;32m  OK  [0m] Mounted Huge Pages File System.
[   13.622327] systemd[1]: Mounted Debug File System.
[[0;32m  OK  [0m] Mounted Debug File System.
[   13.626757] systemd[1]: Mounted POSIX Message Queue File System.
[[0;32m  OK  [0m] Mounted POSIX Message Queue File System.
[   13.633241] systemd[1]: Started Set console keymap.
[[0;32m  OK  [0m] Started Set console keymap.
[   13.640302] systemd[1]: Started Uncomplicated firewall.
[[0;32m  OK  [0m] Started Uncomplicated firewall.
[   13.648141] systemd[1]: Started Remount Root and Kernel File Systems.
[[0;32m  OK  [0[   13.652434] iscsi: registered transport (tcp)
m] Started Remount Root and Kernel File Systems.
[   13.675807] systemd[1]: Started Create list of required static device nodes for the current kernel.
[[0;32m  OK  [0m] Started Create list of required sta...ce nodes for the current kernel.
[   13.772587] systemd[1]: Started Nameserver information manager.
[[0;32m  OK  [0m] Started Nameserver information manager.
[   13.901233] iscsi: registered transport (iser)
[   13.952407] systemd[1]: Started Load Kernel Modules.
[[0;32m  OK  [0m] Started Load Kernel Modules.
[   14.004160] systemd[1]: Started Journal Service.
[[0;32m  OK  [0m] Started Journal Service.
         Starting Apply Kernel Variables...
         Mounting FUSE Control File System...
[[0;32m  OK  [0m] Started LVM2 metadata daemon.
         Starting Create Static Device Nodes in /dev...
         Starting udev Coldplug all Devices...
         Starting Flush Journal to Persistent Storage...
         Starting Load/Save Random Seed...
[[0;32m  OK  [0m] Mounted FUSE Control File System.
[[0;32m  OK  [0m] Started Apply Kernel Variables.
[[0;32m  OK  [0m] Started Load/Save Random Seed.
[[0;32m  OK  [0m] Started Monitoring of LVM2 mirrors,...ng dmeventd or progress polling.
[[0;32m  OK  [0m] Started Create Static Device Nodes in /dev.
[[0;32m  OK  [0m] Started udev Coldplug all Devices.
         Starting udev Kernel Device Manager...
[[0;32m  OK  [0m] Started Flush Journal to Persistent Storage.
[[0;32m  OK  [0m] Started udev Kernel Device Manager.
[[0;32m  OK  [0m] Reached target Local File Systems (Pre).
[[0;32m  OK  [0m] Reached target Local File Systems.
         Starting Set console font and keymap...
         Starting Tell Plymouth To Write Out Runtime Data...
         Starting Initial cloud-init job (pre-networking)...
         Starting Commit a transient machine-id on disk...
         Starting Create Volatile Files and Directories...
         Starting LSB: AppArmor initialization...
[[0;32m  OK  [0m] Started Dispatch Password Requests to Console Directory Watch.
[[0;32m  OK  [0m] Started Tell Plymouth To Write Out Runtime Data.
[[0;32m  OK  [0m] Started Commit a transient machine-id on disk.
[[0;32m  OK  [0m] Started Create Volatile Files and Directories.
         Starting Update UTMP about System Boot/Shutdown...
[[0;32m  OK  [0m] Started Update UTMP about System Boot/Shutdown.
[[0;32m  OK  [0m] Found device /dev/ttyS0.
[[0;32m  OK  [0m] Listening on Load/Save RF Kill Switch Status /dev/rfkill Watch.
[[0;32m  OK  [0m] Started LSB: AppArmor initialization.
[[0;32m  OK  [0m] Started Set console font and keymap.
[[0;32m  OK  [0m] Created slice system-getty.slice.
[   28.465979] cloud-init[496]: Cloud-init v. 18.2 running 'init-local' at Tue, 09 Oct 2018 20:21:41 +0000. Up 27.00 seconds.
[[0;32m  OK  [0m] Started Initial cloud-init job (pre-networking).
[[0;32m  OK  [0m] Reached target Network (Pre).
         Starting Raise network interfaces...
[[0;32m  OK  [0m] Started Raise network interfaces.
         Starting Initial cloud-init job (metadata service crawler)...
[[0;32m  OK  [0m] Reached target Network.
[   36.316970] cloud-init[969]: Cloud-init v. 18.2 running 'init' at Tue, 09 Oct 2018 20:21:45 +0000. Up 31.28 seconds.
[   36.405635] cloud-init[969]: ci-info: +++++++++++++++++++++++++++++++++++++Net device info++++++++++++++++++++++++++++++++++++++
[   36.452073] cloud-init[969]: ci-info: +--------+------+----------------------------+---------------+-------+-------------------+
[[   36.531226] cloud-init[969]: ci-info: | Device |  Up  |          Address           |      Mask     | Scope |     Hw-Address    |
[   36.531918] cloud-init[969]: ci-info: +--------+------+----------------------------+---------------+-------+-------------------+
[0;32m  OK  [0m] Started Initial cloud-init job (metadata service crawler).
[   36.533098] cloud-init[969]: ci-info: | enp0s3 | True |         10.0.2.15          | 255.255.255.0 |   .   | 02:f0:aa:2d:49:f4 |
[   36.658210] cloud-init[969]: ci-info: | enp0s3 | True | fe80::f0:aaff:fe2d:49f4/64 |       .       |  link | 02:f0:aa:2d:49:f4 |
[[0;32m  OK  [0m] Reached target Network is Online.
[   36.658767] cloud-init[969]: ci-info: |   lo   | True |         127.0.0.1          |   255.0.0.0   |   .   |         .         |
[   36.882880] cloud-init[969]: ci-info: |   lo   | True |          ::1/128           |       .       |  host |         .         |
         Starting iSCSI initiator daemon (iscsid)...
[   36.884103] cloud-init[969]: ci-info: +--------+------+----------------------------+---------------+-------+-------------------+
[   36.995203] cloud-init[969]: ci-info: +++++++++++++++++++++++++++Route IPv4 info++++++++++++++++++++++++++++
[[0;32m  OK  [0m] Reached target Cloud-config availability.
[   36.996003] cloud-init[969]: ci-info: +-------+-------------+----------+---------------+-----------+-------+
[   37.151016] cloud-init[[969]: [0;32m  OK  [0mci-info: | Route | Destination | Gateway  |    Genmask    | Interface | Flags |] 
Reached target System Initialization.
[   37.152113] cloud-init[969]: ci-info: +-------+-------------+----------+---------------+-----------+-------+
[[0;32m  OK  [0m] Listening on D-Bus System Message Bus Socket.
[   37.194956] cloud-init[969]: ci-info: |   0   |   0.0.0.0   | 10.0.2.2 |    0.0.0.0    |   enp0s3  |   UG  |
         [   37.267312] Starting LXD - unix socket.cloud-init
[969]: ci-info: |   1   |   10.0.2.0  | 0.0.0.0  | 255.255.255.0 |   enp0s3  |   U   |
[   37.360818] cloud-init[969]: ci-info: +-------+-------------+----------+---------------+-----------+-------+
[   37.361144] cloud-init[969]: Generating public/private rsa key pair.
[   37.362572] cloud-init[969]: Your identification has been saved in /etc/ssh/ssh_host_rsa_key.
[[0;32m  OK  [0m] Started Daily apt download activities.
[   37.363838] cloud-init[969]: Your public key has been saved in /etc/ssh/ssh_host_rsa_key.pub.
[[0;32m  OK  [0m] Listening on ACPID Listen Socket.
[   37.394569] cloud-init[969]: The key fingerprint is:
[   37.448776] cloud-init[969]: SHA256:uJlBsdeyVuK3TFVpUcqHo6MAP/4Sc6jFOWOKHOh+xIs root@ubuntu-xenial
[[0;32m  OK  [0m] Started ACPI Events Check.
[   37.449175] cloud-init[969]: The key's randomart image is:
[   37.613503] cloud-init[969]: +---[RSA 2048]----+
[[0;32m  OK  [0m] Reached target Paths.
[   37.614434] cloud-init[969]: |      .       o+.|
[   37.677097] cloud-init[969]: |       o .   ooo |
[[0;32m  OK  [0m] Started Daily apt upgrade and clean activities.
[   37.677443] cloud-init[969]: |      + + o ..= .|
[   37.765346] cloud-init[969]: |     . * = . . o |
[   37.767906] cloud-init[969]: |   o  o.Soo o    |
[   37.771536] cloud-init[969]: |  . +  B@*.o .   |
         Starting Socket activation for snappy daemon.
[   37.772578] cloud-init[969]: | . + ++=.*+      |
[[0;32m  OK  [0m] Listening on UUID daemon activation socket.
[   37.806326] cloud-init[[969]: [0;32m  OK  [0m|  E = o ..       |] 
Started Daily Cleanup of Temporary Directories.
[   37.829983] cloud-init[969]: | ...     ..      |
[[0;32m  OK  [0m] Reached target Timers.
[   37.835515] cloud-init[969]: +----[SHA256]-----+
[   37.933305] cloud-init[969]: Generating public/private dsa key pair.
[[0;32m  OK  [0m] Listening on LXD - unix socket.
[   37.934035] cloud-init[969]: Your identification has been saved in /etc/ssh/ssh_host_dsa_key.
[   38.088917] cloud-init[969]: Your public key has been saved in /etc/ssh/ssh_host_dsa_key.pub.
[   38.089750] cloud-init[969]: The key fingerprint is:
[[0;32m  OK  [0m] Listening on Socket activation for snappy daemon.
[   38.091043] cloud-init[969]: SHA256:eibeUR+2WcARQAgAEw6Dim2cw7T/GUlNGm6pRs7gDOs root@ubuntu-xenial
[   38.173198] cloud-init[969]: The key's randomart image is:
[   38.185960] cloud-init[969]: +---[DSA 1024]----+
[[0;32m  OK  [0m] Started iSCSI initiator daemon (iscsid).
[   38.186696] cloud-init[969]: |+ +o.... oo.o.   |
[   38.221205] cloud-init[969]: |.+..  . o  . .   |
[   38.248364] cloud-init[969]: |o=.o . *    o    |
[   38.266327] cloud-init[969]: |+ X . * .    .   |
[   38.308790] cloud-init[969]: | * B + .S . o .  |
         Starting Login to default iSCSI targets...
[[0;32m  OK  [0m] Reached target Sockets.
[[0;32m  OK  [0m] Reached target Basic System.
[   38.342797] cloud-init[969]: |. o * o. . o =   |
         Starting Accounts Service...
[[0;32m  OK  [0m] Started Unattended Upgrades Shutdown.
[   38.424806] cloud-init[969]: |.  . .oo+   +    |
[   38.485683] cloud-init[969]: | E   .o= .       |
         [   38.549057] cloud-init[969]: |      . .        |
[   38.549519] cloud-init[969]: +----[SHA256]-----+
[   38.551761] Starting LSB: MD monitoring daemon...
cloud-init[969]: Generating public/private ecdsa key pair.
[[0;32m  OK  [0m] Started Deferred execution scheduler.
[   38.599208] cloud-init[969]: Your identification has been saved in /etc/ssh/ssh_host_ecdsa_key.
[   38.649421] cloud-init[969]: Your public key has been saved in /etc/ssh/ssh_host_ecdsa_key.pub.
         Starting Login Service...
[   38.702182] cloud-init[969]: The key fingerprint is:
[   38.728469] cloud-init[969]: SHA256:FkAxwSGlSd7w++7stn4xLTJVvr4JPGFQI0oXteBrwNU root@ubuntu-xenial
[[0;32m  OK  [0m] Started FUSE filesystem for LXC.
[   38.803197] cloud-init[969]: The key's randomart image is:
[   38.888860] cloud-init[969]: +---[ECDSA 256]---+
         Starting Virtualbox guest utils...
[   38.953671] cloud-init[969]: |    ++X+*++      |
[   39.071553]          cloud-initStarting Apply the settings specified in cloud-config...[969]: 
|   o X.B +Eo.    |
[[0;32m  OK  [0m] Started ACPI event daemon.
[   39.140560] cloud-init[969]: |    + * + .o     |
[   39.181526] cloud-init[969]: |       o +. .    |
[   39.183559] cloud-init[969]: |      . S.o. .   |
[   39.232860] cloud-init[969]: |       +oo+.o    |
         Starting Pollinate to seed the pseudo random number generator...
[   39.233402] cloud-init[969]: |        .o+=     |
[   39.337308] cloud-init[969]: |       o. .o..   |
[   39.340298] cloud-init[969]: |       =Bo  o.   |
[   39.342921] cloud-init[969]: +----[SHA256]-----+
[   39.346009] cloud-init[969]: Generating public/private ed25519 key pair.
[   39.373046] [[0;32m  OK  [0m] Started Regular background program processing daemon.
cloud-init[969]: Your identification has been saved in /etc/ssh/ssh_host_ed25519_key.
[   39.378476] cloud-init[969]: Your public key has been saved in /etc/ssh/ssh_host_ed25519_key.pub.
[   39.428995] cloud-init[969]: The key fingerprint is:
         Starting System Logging Service...
[   39.490959] cloud-init[969]: SHA256:HCNed9VfW9VNTnOQjWw6zuPnFchAnEcCZQnrgm/Maas root@ubuntu-xenial
[   39.500547] cloud-init[969]: The key's randomart image is:
[   39.505532] cloud-init[969]: +--[ED25519 256]--+
[   39.531058] cloud-init[969]: |         o==+ooOO|
         Starting LSB: Record successful boot for GRUB...
[   39.579691] cloud-init[969]: |          ++.o=oX|
[   39.588506] cloud-init[969]: |      . +...oo  *|
[   39.657268] cloud-init[969]: |     ..+.+ .= ...|
         Starting Snappy daemon...
[   39.712624] cloud-init[969]: |     ...S. o + . |
         Starting /etc/rc.local Compatibility...
[   39.792467] cloud-init[969]: |      + o   +   .|
[[0;32m  OK  [0m] Started D-Bus System Message Bus.
[   39.916834] cloud-init[969]: |       B   . .  .|
[   39.978432] cloud-init[969]: |      o .   . .. |
[   39.981135] cloud-init[969]: |     E..     o.  |
[   39.983685] cloud-init[969]: +----[SHA256]-----+
         Starting LXD - container startup/shutdown...
[[0;32m  OK  [0m] Started System Logging Service.
[[0;32m  OK  [0m] Started /etc/rc.local Compatibility.
[[0;32m  OK  [0m] Started Login Service.
[   42.071019] cloud-init[1094]: Generating locales (this might take a while)...
         Starting Authenticate and Authorize Users to Run Privileged Tasks...
[[0;32m  OK  [0m] Started Login to default iSCSI targets.
[[0;32m  OK  [0m] Reached target Remote File Systems (Pre).
[[0;32m  OK  [0m] Reached target Remote File Systems.
         Starting LSB: automatic crash report generation...
         Starting LSB: Set the CPU Frequency Scaling governor to "ondemand"...
         Starting Permit User Sessions...
         Starting LSB: daemon to balance interrupts for SMP systems...
[[0;32m  OK  [0m] Started LSB: Record successful boot for GRUB.
[[0;32m  OK  [0m] Started LSB: Set the CPU Frequency Scaling governor to "ondemand".
[[0;32m  OK  [0m] Started Permit User Sessions.
         Starting Hold until boot process finishes up...
         Starting Terminate Plymouth Boot Screen...
[[0;32m  OK  [0m] Started LSB: MD monitoring daemon.
[[0;32m  OK  [0m] Started Hold until boot process finishes up.
         Starting Set console scheme...
[[0;32m  OK  [0m] Started Getty on tty1.
[[0;32m  OK  [0m] Started Serial Getty on ttyS0.
[[0;32m  OK  [0m] Reached target Login Prompts.
[[0;32m  OK  [0m] Started Terminate Plymouth Boot Screen.
[[0;32m  OK  [0m] Started Set console scheme.
[[0;32m  OK  [0m] Started LSB: daemon to balance interrupts for SMP systems.
[[0;32m  OK  [0m] Started LSB: automatic crash report generation.
[[0;32m  OK  [0m] Started Authenticate and Authorize Users to Run Privileged Tasks.
[[0;32m  OK  [0m] Started Accounts Service.
[[0;32m  OK  [0m] Started Virtualbox guest utils.
[[0;32m  OK  [0m] Started Snappy daemon.
[   47.493350] cloud-init[1094]:   en_US.UTF-8... done
[   47.525109] cloud-init[1094]: Generation complete.
[[0;32m  OK  [0m] Started LXD - container startup/shutdown.

Ubuntu 16.04.4 LTS ubuntu-xenial ttyS0

ubuntu-xenial login: [   51.419877] cloud-init[1094]: Cloud-init v. 18.2 running 'modules:config' at Tue, 09 Oct 2018 20:21:53 +0000. Up 39.96 seconds.
ci-info: no authorized ssh keys fingerprints found for user ubuntu.
<14>Oct  9 20:22:06 ec2: 
<14>Oct  9 20:22:06 ec2: #############################################################
<14>Oct  9 20:22:06 ec2: -----BEGIN SSH HOST KEY FINGERPRINTS-----
<14>Oct  9 20:22:06 ec2: 1024 SHA256:eibeUR+2WcARQAgAEw6Dim2cw7T/GUlNGm6pRs7gDOs root@ubuntu-xenial (DSA)
<14>Oct  9 20:22:06 ec2: 256 SHA256:FkAxwSGlSd7w++7stn4xLTJVvr4JPGFQI0oXteBrwNU root@ubuntu-xenial (ECDSA)
<14>Oct  9 20:22:06 ec2: 256 SHA256:HCNed9VfW9VNTnOQjWw6zuPnFchAnEcCZQnrgm/Maas root@ubuntu-xenial (ED25519)
<14>Oct  9 20:22:06 ec2: 2048 SHA256:uJlBsdeyVuK3TFVpUcqHo6MAP/4Sc6jFOWOKHOh+xIs root@ubuntu-xenial (RSA)
<14>Oct  9 20:22:06 ec2: -----END SSH HOST KEY FINGERPRINTS-----
<14>Oct  9 20:22:06 ec2: #############################################################
-----BEGIN SSH HOST KEY KEYS-----
ecdsa-sha2-nistp256 AAAAE2VjZHNhLXNoYTItbmlzdHAyNTYAAAAIbmlzdHAyNTYAAABBBNzJf2U62io3KMDox8cSn2po2650v6O+J8FrPj+o935TTqnm203vpaB9DsXCjohCiimIIi3UAH098xUqTtwMbAA= root@ubuntu-xenial
ssh-ed25519 AAAAC3NzaC1lZDI1NTE5AAAAIDJozSmaq3veKOlj/K0Zjsr+De9DdCcqnME/zTSUot9G root@ubuntu-xenial
ssh-rsa AAAAB3NzaC1yc2EAAAADAQABAAABAQCmfCdBQDat3cH6yS+pM9hPru+2AWA7xmgjKgQypaIVW5IdUmRgp+Bp9srdkTcWIutCMcM9MP9N/TR31UALjxG/fc7WOfmJfSQ8Q6Cwl1oRPlNmAiCbG3IOLqOzXRagdeOPLvxVR3szOSjDM41cctgqwdywChIIynuBTI73PZ2sx3XIFMfYklUyrqwivUnpqcF+Donz6OhKjtjbjUPwslrbtEm0pT1NzSC6+hghCMyPqfjMYMRmHHKyqhptZ/FTQK/mQ+j/8kU/P2WFrMULgDSSsHstNfEaRxaI/kE6GZM9M2cb4eiSvltBjh52TOVVgmY0aD0fCbLZvjYlBiQVRICv root@ubuntu-xenial
-----END SSH HOST KEY KEYS-----
[   53.167401] cloud-init[1345]: Cloud-init v. 18.2 running 'modules:final' at Tue, 09 Oct 2018 20:22:06 +0000. Up 52.24 seconds.
[   53.168369] cloud-init[1345]: ci-info: no authorized ssh keys fingerprints found for user ubuntu.
[   53.169320] cloud-init[1345]: Cloud-init v. 18.2 finished at Tue, 09 Oct 2018 20:22:07 +0000. Datasource DataSourceNoCloud [seed=/dev/sdb][dsmode=net].  Up 53.13 seconds
